14:32:55 **** Incremental Build of configuration Debug for project bai2 ****
make -j8 all 
arm-none-eabi-gcc -o "bai2.elf" @"objects.list"   -mcpu=cortex-m3 -T"C:\Hoc tap\VXL\STM32\Lab1\bai2\bai2\STM32F103C6UX_FLASH.ld" --specs=nosys.specs -Wl,-Map="bai2.map" -Wl,--gc-sections -static --specs=nano.specs -mfloat-abi=soft -mthumb -Wl,--start-group -lc -lm -Wl,--end-group
Finished building target: bai2.elf
 
arm-none-eabi-size   bai2.elf 
arm-none-eabi-objdump -h -S  bai2.elf  > "bai2.list"
arm-none-eabi-objcopy  -O ihex  bai2.elf  "bai2.hex"
   text	   data	    bss	    dec	    hex	filename
   4672	     20	   1572	   6264	   1878	bai2.elf
Finished building: default.size.stdout
 
Finished building: bai2.hex
Finished building: bai2.list
 
 
